{
  "id": 0,
  "size": 16,
  "frame-count": 4,
  "speed-in-ms": 100,
  "frames": {
    "0": "AAAAAAAAAAAAAAAAAAAAAAAAAAAAAAAAAAAAAAAAAAAAAAAAAAAAAAAAAAAAAAAAAAAAAAAAAAAAAAAAAAAAAAAAAAAAAAAAAAAAAAAAAAAAAAAAAAAAAAAAAAAAAAAAAAAAAAAAAAAAAAAAAAAA4ZjC4ZjC4ZjC4ZjC4ZjC4ZjC4ZjC4ZjCAAAAAAAAAAAAAAAAAAAARbTnRbTnAAAA5JfB4ZjC4ZjC4ZjC4ZjC4ZjC4ZjC4ZjCAAAAAAAAAAAAAAAAAAAARbTnRbTnAAAAAAAAAAAAAAAAAAAAAAAAAAAA4ZjC4ZjCAAAAAAAAAAAAAAAAAAAARbTnRbTnAAAAAAAAAAAAAAAAAAAAAAAAAAAA4ZjC4ZjCAAAAAAAAAAAAAAAAAAAARbTnRbTnAAAAAAAAAAAAAAAAAAAAAAAAAAAA4ZjC4ZjCAAAAAAAAAAAAAAAAAAAARbTnRbTnAAAAAAAAAAAAAAAAAAAAAAAAAAAAAAAAAAAAAAAAAAAAAAAAAAAAAAAARbTnRbTnAAAAAAAAAAAAAAAAAAAAAAAAAAAAAAAAAAAAAAAAAAAAAAAAAAAAAAAARbTnRbTnAAAAAAAAAAAAAAAAAAAAAAAA46OX46OXAAAAAAAAAAAAAAAAAAAAAAAARbTnRbTnAAAAAAAAAAAAAAAAAAAAAAAA46OX46OXAAAAAAAAAAAAAAAAAAAAAAAARbTnRbTnAAAAAAAAAAAAAAAAAAAAAAAA46OX46OXAAAAAAAAAAAAAAAAAAAAAAAARbTnRbTnAAAAAAAAAAAA46OX46OXAAAA46OX46OX46OX46OX46OXAAAAAAAAAAAARbTnRbTnAAAAAAAAAAAA46OX46OX46OX46OX46OX46OX46OX46OXAAAAAAAAAAAAAAAAAAAAAAAAAAAAAAAAAAAAAAAAAAAAAAAAAAAAAAAA46OXAAAAAAAAAAAAAAAAAAAAAAAAAAAAAAAAAAAAAAAAAAAAAAAAAAAAAAAAAAAAAAAAAAAAAAAA",
    "1": "AAAAAAAAAAAAAAAAAAAAAAAAAAAAAAAAAAAAAAAAAAAAAAAAAAAAAAAAAAAAAAAAAAAAAAAAAAAAAAAAAAAAAAAAAAAAAAAAAAAAAAAAAAAAAAAAAAAAAAAAAAAAAAAAAAAAAAAARbTnRbTnRbTnRbTnRbTnRbTnRbTnRbTnRbTnRbTnRbTnAAAAAAAAAAAAAAAAAAAARbTnRbTnRbTnRbTnRbTnRbTnRbTnRbTnRbTnRbTnRbTnAAAAAAAAAAAAAAAAAAAAAAAAAAAAAAAAAAAAAAAAAAAAAAAAAAAAAAAAAAAAAAAAAAAAAAAAAAAAAAAAAAAAAAAAAAAAAAAAAAAAAAAAAAAAAAAAAAAAAAAAAAAA5JfB4ZjCAAAAAAAAAAAAAAAAAAAAAAAAAAAAAAAAAAAAAAAAAAAAAAAAAAAAAAAA4ZjC4ZjCAAAAAAAAAAAAAAAA46OX46OXAAAAAAAAAAAAAAAAAAAAAAAAAAAAAAAA4ZjC4ZjCAAAAAAAAAAAAAAAA46OX46OXAAAAAAAAAAAAAAAAAAAAAAAAAAAAAAAA4ZjC4ZjCAAAAAAAAAAAAAAAA46OXAAAAAAAAAAAAAAAAAAAAAAAAAAAAAAAAAAAA4ZjC4ZjCAAAAAAAAAAAAAAAA46OX46OX46OX46OX46OXAAAAAAAAAAAAAAAAAAAA4ZjC4ZjCAAAAAAAAAAAAAAAA46OX46OX46OX46OX46OXAAAAAAAA4ZjC4ZjC4ZjC4ZjC4ZjCAAAAAAAAAAAAAAAA46OX46OXAAAAAAAAAAAAAAAAAAAA4ZjC4ZjC4ZjC4ZjC4ZjCAAAAAAAAAAAA46OX46OX46OXAAAAAAAAAAAAAAAAAAAAAAAAAAAAAAAAAAAAAAAAAAAAAAAAAAAAAAAA46OX46OXAAAAAAAAAAAAAAAAAAAAAAAAAAAAAAAAAAAAAAAAAAAAAAAAAAAAAAAAAAAAAAAAAAAAAAAAAAAAAAAAAAAAAAAAAAAAAAAAAAAAAAAAAAAAAAAA",
    "2": "AAAAAAAAAAAAAAAAAAAAAAAAAAAAAAAAAAAAAAAAAAAAAAAAAAAAAAAAAAAAAAAAAAAAAAAA46OXAAAAAAAAAAAAAAAAAAAAAAAAAAAAAAAAAAAAAAAAAAAAAAAAAAAAAAAA46OX46OX46OX46OX46OX46OX46OX46OXAAAAAAAAAAAARbTnRbTnAAAAAAAAAAAA46OX46OX46OX46OX46OXAAAA46OX46OXAAAAAAAAAAAARbTnRbTnAAAAAAAAAAAAAAAAAAAAAAAA46OX46OXAAAAAAAAAAAAAAAAAAAAAAAARbTnRbTnAAAAAAAAAAAAAAAAAAAAAAAA46OX46OXAAAAAAAAAAAAAAAAAAAAAAAARbTnRbTnAAAAAAAAAAAAAAAAAAAAAAAA46OX46OXAAAAAAAAAAAAAAAAAAAAAAAARbTnRbTnAAAAAAAAAAAAAAAAAAAAAAAAAAAAAAAAAAAAAAAAAAAAAAAAAAAAAAAARbTnRbTnAAAAAAAAAAAAAAAAAAAAAAAAAAAAAAAAAAAAAAAAAAAAAAAAAAAAAAAARbTnRbTnAAAAAAAAAAAAAAAAAAAA4ZjC4ZjCAAAAAAAAAAAAAAAAAAAAAAAAAAAARbTnRbTnAAAAAAAAAAAAAAAAAAAA4ZjC4ZjCAAAAAAAAAAAAAAAAAAAAAAAAAAAARbTnRbTnAAAAAAAAAAAAAAAAAAAA4ZjC4ZjCAAAAAAAAAAAAAAAAAAAAAAAAAAAARbTnRbTnAAAAAAAAAAAAAAAAAAAA4ZjC4ZjC4ZjC4ZjC4ZjC4ZjC4ZjC5JfBAAAARbTnRbTnAAAAAAAAAAAAAAAAAAAA4ZjC4ZjC4ZjC4ZjC4ZjC4ZjC4ZjC4ZjCAAAAAAAAAAAAAAAAAAAAAAAAAAAAAAAAAAAAAAAAAAAAAAAAAAAAAAAAAAAAAAAAAAAAAAAAAAAAAAAAAAAAAAAAAAAAAAAAAAAAAAAAAAAAAAAAAAAAAAAAAAAAAAAAAAAAAAAAAAAAAAAAAAAA",
    "3": "AAAAAAAAAAAAAAAAAAAAAAAAAAAAAAAAAAAAAAAAAAAAAAAAAAAAAAAAAAAAAAAAAAAAAAAAAAAAAAAAAAAAAAAAAAAAAAAAAAAAAAAAAAAAAAAA46OX46OXAAAAAAAAAAAAAAAAAAAAAAAAAAAAAAAAAAAAAAAAAAAAAAAAAAAAAAAA46OX46OX46OXAAAAAAAAAAAA4ZjC4ZjC4ZjC4ZjC4ZjCAAAAAAAAAAAAAAAAAAAA46OX46OXAAAAAAAAAAAAAAAA4ZjC4ZjC4ZjC4ZjC4ZjCAAAAAAAA46OX46OX46OX46OX46OXAAAAAAAAAAAAAAAA4ZjC4ZjCAAAAAAAAAAAAAAAAAAAA46OX46OX46OX46OX46OXAAAAAAAAAAAAAAAA4ZjC4ZjCAAAAAAAAAAAAAAAAAAAAAAAAAAAAAAAAAAAA46OXAAAAAAAAAAAAAAAA4ZjC4ZjCAAAAAAAAAAAAAAAAAAAAAAAAAAAAAAAA46OX46OXAAAAAAAAAAAAAAAA4ZjC4ZjCAAAAAAAAAAAAAAAAAAAAAAAAAAAAAAAA46OX46OXAAAAAAAAAAAAAAAA4ZjC4ZjCAAAAAAAAAAAAAAAAAAAAAAAAAAAAAAAAAAAAAAAAAAAAAAAAAAAAAAAA4ZjC5JfBAAAAAAAAAAAAAAAAAAAAAAAAAAAAAAAAAAAAAAAAAAAAAAAAAAAAAAAAAAAAAAAAAAAAAAAAAAAAAAAAAAAAAAAAAAAAAAAAAAAAAAAAAAAAAAAAAAAAAAAAAAAARbTnRbTnRbTnRbTnRbTnRbTnRbTnRbTnRbTnRbTnRbTnAAAAAAAAAAAAAAAAAAAARbTnRbTnRbTnRbTnRbTnRbTnRbTnRbTnRbTnRbTnRbTnAAAAAAAAAAAAAAAAAAAAAAAAAAAAAAAAAAAAAAAAAAAAAAAAAAAAAAAAAAAAAAAAAAAAAAAAAAAAAAAAAAAAAAAAAAAAAAAAAAAAAAAAAAAAAAAAAAAAAAAAAAAAAAAAAAAAAAAA"
  }
}