{
  "id": 0,
  "size": 16,
  "frame-count": 1,
  "speed-in-ms": 100,
  "frames": {
    "0": "AAAAAAAAAAAAAAAAAAAAAAAAAAAAAAAAAAAAAAAAAAAAAAAAAAAAAAAAAAAAAAAAAAAAAAAAAAAAAAAAAAAAAAAAAAAAAAAAAAAAAAAAAAAAAAAAAAAAAAAAAAAAAAAAAAAAAAAAAAAAAAAAAAAA4ZjC4ZjC4ZjC4ZjC4ZjC4ZjC4ZjC4ZjCAAAAAAAAAAAAAAAAAAAARbTnRbTnAAAA5JfB4ZjC4ZjC4ZjC4ZjC4ZjC4ZjC4ZjCAAAAAAAAAAAAAAAAAAAARbTnRbTnAAAAAAAAAAAAAAAAAAAAAAAAAAAA4ZjC4ZjCAAAAAAAAAAAAAAAAAAAARbTnRbTnAAAAAAAAAAAAAAAAAAAAAAAAAAAA4ZjC4ZjCAAAAAAAAAAAAAAAAAAAARbTnRbTnAAAAAAAAAAAAAAAAAAAAAAAAAAAA4ZjC4ZjCAAAAAAAAAAAAAAAAAAAARbTnRbTnAAAAAAAAAAAAAAAAAAAAAAAAAAAAAAAAAAAAAAAAAAAAAAAAAAAAAAAARbTnRbTnAAAAAAAAAAAAAAAAAAAAAAAAAAAAAAAAAAAAAAAAAAAAAAAAAAAAAAAARbTnRbTnAAAAAAAAAAAAAAAAAAAAAAAA46OX46OXAAAAAAAAAAAAAAAAAAAAAAAARbTnRbTnAAAAAAAAAAAAAAAAAAAAAAAA46OX46OXAAAAAAAAAAAAAAAAAAAAAAAARbTnRbTnAAAAAAAAAAAAAAAAAAAAAAAA46OX46OXAAAAAAAAAAAAAAAAAAAAAAAARbTnRbTnAAAAAAAAAAAA46OX46OXAAAA46OX46OX46OX46OX46OXAAAAAAAAAAAARbTnRbTnAAAAAAAAAAAA46OX46OX46OX46OX46OX46OX46OX46OXAAAAAAAAAAAAAAAAAAAAAAAAAAAAAAAAAAAAAAAAAAAAAAAAAAAAAAAA46OXAAAAAAAAAAAAAAAAAAAAAAAAAAAAAAAAAAAAAAAAAAAAAAAAAAAAAAAAAAAAAAAAAAAAAAAA"
  }
}